[2026-09-13 14:50:29] --- Starting Simulation Engine V2.0 ---
[2026-09-13 14:50:29] Working Directory: /content/drive/MyDrive/independent research/Influence Suppression and Consensus Cycling/Data
[2026-09-13 14:50:29] Total parameter combinations (Pruned): 372,960
[2026-09-13 14:50:29] Performing JIT Compilation warm-up...
[2026-09-13 14:50:33] Kernel warm-up complete.
[2026-09-13 14:50:34] Resuming... Runs remaining: 372,960
[2026-09-13 14:50:34] Executing Batch 1/187 (2000 configurations)...
[2026-09-13 14:50:51] Batch 1 saved. Duration: 16.7s. CSV size: 0.29 MB. Total complete: 2,000
[2026-09-13 14:50:51] Executing Batch 2/187 (2000 configurations)...
[2026-09-13 14:51:03] Batch 2 saved. Duration: 12.2s. CSV size: 0.58 MB. Total complete: 4,000
[2026-09-13 14:51:03] Executing Batch 3/187 (2000 configurations)...
[2026-09-13 14:51:16] Batch 3 saved. Duration: 13.0s. CSV size: 0.87 MB. Total complete: 6,000
[2026-09-13 14:51:16] Executing Batch 4/187 (2000 configurations)...
[2026-09-13 14:51:27] Batch 4 saved. Duration: 11.1s. CSV size: 1.16 MB. Total complete: 8,000
[2026-09-13 14:51:27] Executing Batch 5/187 (2000 configurations)...
[2026-09-13 14:51:49] Batch 5 saved. Duration: 21.4s. CSV size: 1.45 MB. Total complete: 10,000
[2026-09-13 14:51:49] Executing Batch 6/187 (2000 configurations)...
[2026-09-13 14:52:16] Batch 6 saved. Duration: 26.6s. CSV size: 1.74 MB. Total complete: 12,000
[2026-09-13 14:52:16] Executing Batch 7/187 (2000 configurations)...
[2026-09-13 14:52:44] Batch 7 saved. Duration: 27.5s. CSV size: 2.03 MB. Total complete: 14,000
[2026-09-13 14:52:44] Executing Batch 8/187 (2000 configurations)...
[2026-09-13 14:53:31] Batch 8 saved. Duration: 47.1s. CSV size: 2.33 MB. Total complete: 16,000
[2026-09-13 14:53:31] Executing Batch 9/187 (2000 configurations)...
[2026-09-13 14:54:50] Batch 9 saved. Duration: 79.4s. CSV size: 2.62 MB. Total complete: 18,000
[2026-09-13 14:54:50] Executing Batch 10/187 (2000 configurations)...
[2026-09-13 14:56:11] Batch 10 saved. Duration: 80.6s. CSV size: 2.92 MB. Total complete: 20,000
[2026-09-13 14:56:11] Executing Batch 11/187 (2000 configurations)...
[2026-09-13 14:57:39] Batch 11 saved. Duration: 88.0s. CSV size: 3.21 MB. Total complete: 22,000
[2026-09-13 14:57:39] Executing Batch 12/187 (2000 configurations)...
[2026-09-13 15:01:29] Batch 12 saved. Duration: 229.9s. CSV size: 3.50 MB. Total complete: 24,000
[2026-09-13 15:01:29] Executing Batch 13/187 (2000 configurations)...
[2026-09-13 15:07:39] Batch 13 saved. Duration: 369.1s. CSV size: 3.80 MB. Total complete: 26,000
[2026-09-13 15:07:39] Executing Batch 14/187 (2000 configurations)...
[2026-09-13 15:13:47] Batch 14 saved. Duration: 368.4s. CSV size: 4.09 MB. Total complete: 28,000
[2026-09-13 15:13:47] Executing Batch 15/187 (2000 configurations)...
[2026-09-13 15:19:59] Batch 15 saved. Duration: 371.5s. CSV size: 4.39 MB. Total complete: 30,000
[2026-09-13 15:19:59] Executing Batch 16/187 (2000 configurations)...
[2026-09-13 15:22:22] Batch 16 saved. Duration: 142.8s. CSV size: 4.68 MB. Total complete: 32,000
[2026-09-13 15:22:22] Executing Batch 17/187 (2000 configurations)...
[2026-09-13 15:22:30] Batch 17 saved. Duration: 8.5s. CSV size: 4.97 MB. Total complete: 34,000
[2026-09-13 15:22:30] Executing Batch 18/187 (2000 configurations)...
[2026-09-13 15:22:37] Batch 18 saved. Duration: 6.8s. CSV size: 5.26 MB. Total complete: 36,000
[2026-09-13 15:22:37] Executing Batch 19/187 (2000 configurations)...
[2026-09-13 15:22:46] Batch 19 saved. Duration: 8.4s. CSV size: 5.55 MB. Total complete: 38,000
[2026-09-13 15:22:46] Executing Batch 20/187 (2000 configurations)...
[2026-09-13 15:23:01] Batch 20 saved. Duration: 14.9s. CSV size: 5.84 MB. Total complete: 40,000
[2026-09-13 15:23:01] Executing Batch 21/187 (2000 configurations)...
[2026-09-13 15:23:20] Batch 21 saved. Duration: 18.9s. CSV size: 6.13 MB. Total complete: 42,000
[2026-09-13 15:23:20] Executing Batch 22/187 (2000 configurations)...
[2026-09-13 15:23:38] Batch 22 saved. Duration: 17.8s. CSV size: 6.42 MB. Total complete: 44,000
[2026-09-13 15:23:38] Executing Batch 23/187 (2000 configurations)...
[2026-09-13 15:23:55] Batch 23 saved. Duration: 17.2s. CSV size: 6.71 MB. Total complete: 46,000
[2026-09-13 15:23:55] Executing Batch 24/187 (2000 configurations)...
[2026-09-13 15:24:49] Batch 24 saved. Duration: 53.6s. CSV size: 7.00 MB. Total complete: 48,000
[2026-09-13 15:24:49] Executing Batch 25/187 (2000 configurations)...
[2026-09-13 15:25:52] Batch 25 saved. Duration: 62.7s. CSV size: 7.29 MB. Total complete: 50,000
[2026-09-13 15:25:52] Executing Batch 26/187 (2000 configurations)...
[2026-09-13 15:26:48] Batch 26 saved. Duration: 55.3s. CSV size: 7.59 MB. Total complete: 52,000
[2026-09-13 15:26:48] Executing Batch 27/187 (2000 configurations)...
[2026-09-13 15:28:06] Batch 27 saved. Duration: 78.5s. CSV size: 7.88 MB. Total complete: 54,000
[2026-09-13 15:28:06] Executing Batch 28/187 (2000 configurations)...
[2026-09-13 15:32:29] Batch 28 saved. Duration: 262.3s. CSV size: 8.17 MB. Total complete: 56,000
[2026-09-13 15:32:29] Executing Batch 29/187 (2000 configurations)...
[2026-09-13 15:36:49] Batch 29 saved. Duration: 260.2s. CSV size: 8.46 MB. Total complete: 58,000
[2026-09-13 15:36:49] Executing Batch 30/187 (2000 configurations)...
[2026-09-13 15:41:05] Batch 30 saved. Duration: 256.2s. CSV size: 8.75 MB. Total complete: 60,000
[2026-09-13 15:41:05] Executing Batch 31/187 (2000 configurations)...
[2026-09-13 15:44:43] Batch 31 saved. Duration: 217.5s. CSV size: 9.04 MB. Total complete: 62,000
[2026-09-13 15:44:43] Executing Batch 32/187 (2000 configurations)...
[2026-09-13 15:44:53] Batch 32 saved. Duration: 9.9s. CSV size: 9.33 MB. Total complete: 64,000
[2026-09-13 15:44:53] Executing Batch 33/187 (2000 configurations)...
[2026-09-13 15:45:07] Batch 33 saved. Duration: 13.0s. CSV size: 9.62 MB. Total complete: 66,000
[2026-09-13 15:45:07] Executing Batch 34/187 (2000 configurations)...
[2026-09-13 15:45:19] Batch 34 saved. Duration: 11.8s. CSV size: 9.91 MB. Total complete: 68,000
[2026-09-13 15:45:19] Executing Batch 35/187 (2000 configurations)...
[2026-09-13 15:45:34] Batch 35 saved. Duration: 15.5s. CSV size: 10.20 MB. Total complete: 70,000
[2026-09-13 15:45:34] Executing Batch 36/187 (2000 configurations)...
[2026-09-13 15:45:56] Batch 36 saved. Duration: 22.0s. CSV size: 10.49 MB. Total complete: 72,000
[2026-09-13 15:45:56] Executing Batch 37/187 (2000 configurations)...
[2026-09-13 15:46:18] Batch 37 saved. Duration: 21.2s. CSV size: 10.77 MB. Total complete: 74,000
[2026-09-13 15:46:18] Executing Batch 38/187 (2000 configurations)...
[2026-09-13 15:46:42] Batch 38 saved. Duration: 23.4s. CSV size: 11.06 MB. Total complete: 76,000
[2026-09-13 15:46:42] Executing Batch 39/187 (2000 configurations)...
[2026-09-13 15:47:34] Batch 39 saved. Duration: 51.8s. CSV size: 11.34 MB. Total complete: 78,000
[2026-09-13 15:47:34] Executing Batch 40/187 (2000 configurations)...
[2026-09-13 15:48:28] Batch 40 saved. Duration: 54.1s. CSV size: 11.63 MB. Total complete: 80,000
[2026-09-13 15:48:28] Executing Batch 41/187 (2000 configurations)...
[2026-09-13 15:49:21] Batch 41 saved. Duration: 53.0s. CSV size: 11.92 MB. Total complete: 82,000
[2026-09-13 15:49:21] Executing Batch 42/187 (2000 configurations)...
[2026-09-13 15:50:17] Batch 42 saved. Duration: 55.7s. CSV size: 12.21 MB. Total complete: 84,000
[2026-09-13 15:50:17] Executing Batch 43/187 (2000 configurations)...
[2026-09-13 15:53:46] Batch 43 saved. Duration: 209.2s. CSV size: 12.50 MB. Total complete: 86,000
[2026-09-13 15:53:46] Executing Batch 44/187 (2000 configurations)...
[2026-09-13 15:58:08] Batch 44 saved. Duration: 261.0s. CSV size: 12.78 MB. Total complete: 88,000
[2026-09-13 15:58:08] Executing Batch 45/187 (2000 configurations)...
[2026-09-13 16:02:42] Batch 45 saved. Duration: 274.4s. CSV size: 13.07 MB. Total complete: 90,000
[2026-09-13 16:02:42] Executing Batch 46/187 (2000 configurations)...
[2026-09-13 16:07:06] Batch 46 saved. Duration: 263.7s. CSV size: 13.36 MB. Total complete: 92,000
[2026-09-13 16:07:06] Executing Batch 47/187 (2000 configurations)...
[2026-09-13 16:07:33] Batch 47 saved. Duration: 26.8s. CSV size: 13.66 MB. Total complete: 94,000
[2026-09-13 16:07:33] Executing Batch 48/187 (2000 configurations)...
[2026-09-13 16:07:41] Batch 48 saved. Duration: 8.1s. CSV size: 13.96 MB. Total complete: 96,000
[2026-09-13 16:07:41] Executing Batch 49/187 (2000 configurations)...
[2026-09-13 16:07:50] Batch 49 saved. Duration: 8.3s. CSV size: 14.26 MB. Total complete: 98,000
[2026-09-13 16:07:50] Executing Batch 50/187 (2000 configurations)...
[2026-09-13 16:07:59] Batch 50 saved. Duration: 8.7s. CSV size: 14.57 MB. Total complete: 100,000
[2026-09-13 16:07:59] Executing Batch 51/187 (2000 configurations)...
[2026-09-13 16:08:18] Batch 51 saved. Duration: 19.2s. CSV size: 14.87 MB. Total complete: 102,000
[2026-09-13 16:08:18] Executing Batch 52/187 (2000 configurations)...
[2026-09-13 16:08:37] Batch 52 saved. Duration: 18.6s. CSV size: 15.17 MB. Total complete: 104,000
[2026-09-13 16:08:37] Executing Batch 53/187 (2000 configurations)...
[2026-09-13 16:08:57] Batch 53 saved. Duration: 19.0s. CSV size: 15.48 MB. Total complete: 106,000
[2026-09-13 16:08:57] Executing Batch 54/187 (2000 configurations)...
[2026-09-13 16:09:24] Batch 54 saved. Duration: 27.6s. CSV size: 15.78 MB. Total complete: 108,000
[2026-09-13 16:09:24] Executing Batch 55/187 (2000 configurations)...
[2026-09-13 16:10:23] Batch 55 saved. Duration: 58.3s. CSV size: 16.09 MB. Total complete: 110,000
[2026-09-13 16:10:23] Executing Batch 56/187 (2000 configurations)...
[2026-09-13 16:11:26] Batch 56 saved. Duration: 63.2s. CSV size: 16.39 MB. Total complete: 112,000
[2026-09-13 16:11:26] Executing Batch 57/187 (2000 configurations)...
[2026-09-13 16:12:31] Batch 57 saved. Duration: 64.3s. CSV size: 16.70 MB. Total complete: 114,000
[2026-09-13 16:12:31] Executing Batch 58/187 (2000 configurations)...
[2026-09-13 16:14:51] Batch 58 saved. Duration: 140.0s. CSV size: 17.00 MB. Total complete: 116,000
[2026-09-13 16:14:51] Executing Batch 59/187 (2000 configurations)...
[2026-09-13 16:19:03] Batch 59 saved. Duration: 252.0s. CSV size: 17.31 MB. Total complete: 118,000
[2026-09-13 16:19:03] Executing Batch 60/187 (2000 configurations)...
[2026-09-13 16:23:17] Batch 60 saved. Duration: 253.2s. CSV size: 17.61 MB. Total complete: 120,000
[2026-09-13 16:23:17] Executing Batch 61/187 (2000 configurations)...
[2026-09-13 16:27:38] Batch 61 saved. Duration: 260.8s. CSV size: 17.92 MB. Total complete: 122,000
[2026-09-13 16:27:38] Executing Batch 62/187 (2000 configurations)...
[2026-09-13 16:30:37] Batch 62 saved. Duration: 179.0s. CSV size: 18.22 MB. Total complete: 124,000
[2026-09-13 16:30:37] Executing Batch 63/187 (2000 configurations)...
[2026-09-13 16:32:36] Batch 63 saved. Duration: 118.9s. CSV size: 18.52 MB. Total complete: 126,000
[2026-09-13 16:32:36] Executing Batch 64/187 (2000 configurations)...
[2026-09-13 16:33:43] Batch 64 saved. Duration: 65.9s. CSV size: 18.82 MB. Total complete: 128,000
[2026-09-13 16:33:43] Executing Batch 65/187 (2000 configurations)...
[2026-09-13 16:33:50] Batch 65 saved. Duration: 6.6s. CSV size: 19.12 MB. Total complete: 130,000
[2026-09-13 16:33:50] Executing Batch 66/187 (2000 configurations)...
[2026-09-13 16:33:59] Batch 66 saved. Duration: 8.9s. CSV size: 19.41 MB. Total complete: 132,000
[2026-09-13 16:33:59] Executing Batch 67/187 (2000 configurations)...
[2026-09-13 16:34:06] Batch 67 saved. Duration: 6.6s. CSV size: 19.70 MB. Total complete: 134,000
[2026-09-13 16:34:06] Executing Batch 68/187 (2000 configurations)...
[2026-09-13 16:34:20] Batch 68 saved. Duration: 14.5s. CSV size: 19.99 MB. Total complete: 136,000
[2026-09-13 16:34:20] Executing Batch 69/187 (2000 configurations)...
[2026-09-13 16:34:39] Batch 69 saved. Duration: 18.4s. CSV size: 20.29 MB. Total complete: 138,000
[2026-09-13 16:34:39] Executing Batch 70/187 (2000 configurations)...
[2026-09-13 16:35:00] Batch 70 saved. Duration: 20.8s. CSV size: 20.58 MB. Total complete: 140,000
[2026-09-13 16:35:00] Executing Batch 71/187 (2000 configurations)...
[2026-09-13 16:35:21] Batch 71 saved. Duration: 20.1s. CSV size: 20.88 MB. Total complete: 142,000
[2026-09-13 16:35:21] Executing Batch 72/187 (2000 configurations)...
[2026-09-13 16:36:28] Batch 72 saved. Duration: 66.8s. CSV size: 21.17 MB. Total complete: 144,000
[2026-09-13 16:36:28] Executing Batch 73/187 (2000 configurations)...
[2026-09-13 16:37:40] Batch 73 saved. Duration: 72.0s. CSV size: 21.47 MB. Total complete: 146,000
[2026-09-13 16:37:40] Executing Batch 74/187 (2000 configurations)...
[2026-09-13 16:38:58] Batch 74 saved. Duration: 78.0s. CSV size: 21.77 MB. Total complete: 148,000
[2026-09-13 16:38:58] Executing Batch 75/187 (2000 configurations)...
[2026-09-13 16:40:10] Batch 75 saved. Duration: 71.8s. CSV size: 22.06 MB. Total complete: 150,000
[2026-09-13 16:40:10] Executing Batch 76/187 (2000 configurations)...
[2026-09-13 16:45:41] Batch 76 saved. Duration: 330.5s. CSV size: 22.36 MB. Total complete: 152,000
[2026-09-13 16:45:41] Executing Batch 77/187 (2000 configurations)...
[2026-09-13 16:51:49] Batch 77 saved. Duration: 368.0s. CSV size: 22.66 MB. Total complete: 154,000
[2026-09-13 16:51:49] Executing Batch 78/187 (2000 configurations)...
[2026-09-13 16:57:57] Batch 78 saved. Duration: 367.8s. CSV size: 22.96 MB. Total complete: 156,000
[2026-09-13 16:57:57] Executing Batch 79/187 (2000 configurations)...
[2026-09-13 17:03:43] Batch 79 saved. Duration: 345.0s. CSV size: 23.26 MB. Total complete: 158,000
[2026-09-13 17:03:43] Executing Batch 80/187 (2000 configurations)...
[2026-09-13 17:03:52] Batch 80 saved. Duration: 9.0s. CSV size: 23.55 MB. Total complete: 160,000
[2026-09-13 17:03:52] Executing Batch 81/187 (2000 configurations)...
[2026-09-13 17:03:59] Batch 81 saved. Duration: 6.4s. CSV size: 23.84 MB. Total complete: 162,000
[2026-09-13 17:03:59] Executing Batch 82/187 (2000 configurations)...
[2026-09-13 17:04:08] Batch 82 saved. Duration: 8.8s. CSV size: 23.84 MB. Total complete: 164,000
[2026-09-13 17:04:08] Executing Batch 83/187 (2000 configurations)...
[2026-09-13 17:04:18] Batch 83 saved. Duration: 9.4s. CSV size: 24.13 MB. Total complete: 166,000
[2026-09-13 17:04:18] Executing Batch 84/187 (2000 configurations)...
[2026-09-13 17:04:37] Batch 84 saved. Duration: 18.8s. CSV size: 24.43 MB. Total complete: 168,000
[2026-09-13 17:04:37] Executing Batch 85/187 (2000 configurations)...
[2026-09-13 17:04:55] Batch 85 saved. Duration: 17.8s. CSV size: 24.72 MB. Total complete: 170,000
[2026-09-13 17:04:55] Executing Batch 86/187 (2000 configurations)...
[2026-09-13 17:05:13] Batch 86 saved. Duration: 17.3s. CSV size: 25.01 MB. Total complete: 172,000
[2026-09-13 17:05:13] Executing Batch 87/187 (2000 configurations)...
[2026-09-13 17:05:43] Batch 87 saved. Duration: 30.5s. CSV size: 25.30 MB. Total complete: 174,000
[2026-09-13 17:05:43] Executing Batch 88/187 (2000 configurations)...
[2026-09-13 17:06:39] Batch 88 saved. Duration: 54.8s. CSV size: 25.60 MB. Total complete: 176,000
[2026-09-13 17:06:39] Executing Batch 89/187 (2000 configurations)...
[2026-09-13 17:07:33] Batch 89 saved. Duration: 53.9s. CSV size: 25.89 MB. Total complete: 178,000
[2026-09-13 17:07:33] Executing Batch 90/187 (2000 configurations)...
[2026-09-13 17:08:28] Batch 90 saved. Duration: 54.4s. CSV size: 26.18 MB. Total complete: 180,000
[2026-09-13 17:08:28] Executing Batch 91/187 (2000 configurations)...
[2026-09-13 17:11:05] Batch 91 saved. Duration: 157.3s. CSV size: 26.48 MB. Total complete: 182,000
[2026-09-13 17:11:05] Executing Batch 92/187 (2000 configurations)...
[2026-09-13 17:15:27] Batch 92 saved. Duration: 261.3s. CSV size: 26.77 MB. Total complete: 184,000
[2026-09-13 17:15:27] Executing Batch 93/187 (2000 configurations)...
[2026-09-13 17:19:47] Batch 93 saved. Duration: 259.3s. CSV size: 27.07 MB. Total complete: 186,000
[2026-09-13 17:19:47] Executing Batch 94/187 (2000 configurations)...
[2026-09-13 17:24:04] Batch 94 saved. Duration: 257.1s. CSV size: 27.36 MB. Total complete: 188,000
[2026-09-13 17:24:04] Executing Batch 95/187 (2000 configurations)...
[2026-09-13 17:25:33] Batch 95 saved. Duration: 88.5s. CSV size: 27.65 MB. Total complete: 190,000
[2026-09-13 17:25:33] Executing Batch 96/187 (2000 configurations)...
[2026-09-13 17:25:40] Batch 96 saved. Duration: 6.6s. CSV size: 27.94 MB. Total complete: 192,000
[2026-09-13 17:25:40] Executing Batch 97/187 (2000 configurations)...
[2026-09-13 17:25:50] Batch 97 saved. Duration: 9.1s. CSV size: 28.23 MB. Total complete: 194,000
[2026-09-13 17:25:50] Executing Batch 98/187 (2000 configurations)...
[2026-09-13 17:25:57] Batch 98 saved. Duration: 6.9s. CSV size: 28.23 MB. Total complete: 196,000
[2026-09-13 17:25:57] Executing Batch 99/187 (2000 configurations)...
[2026-09-13 17:26:13] Batch 99 saved. Duration: 16.1s. CSV size: 28.52 MB. Total complete: 198,000
[2026-09-13 17:26:13] Executing Batch 100/187 (2000 configurations)...
[2026-09-13 17:26:31] Batch 100 saved. Duration: 17.8s. CSV size: 28.81 MB. Total complete: 200,000
[2026-09-13 17:26:31] Executing Batch 101/187 (2000 configurations)...
[2026-09-13 17:26:49] Batch 101 saved. Duration: 17.5s. CSV size: 29.10 MB. Total complete: 202,000
[2026-09-13 17:26:49] Executing Batch 102/187 (2000 configurations)...
[2026-09-13 17:27:09] Batch 102 saved. Duration: 19.2s. CSV size: 29.39 MB. Total complete: 204,000
[2026-09-13 17:27:09] Executing Batch 103/187 (2000 configurations)...
[2026-09-13 17:28:04] Batch 103 saved. Duration: 54.9s. CSV size: 29.68 MB. Total complete: 206,000
[2026-09-13 17:28:04] Executing Batch 104/187 (2000 configurations)...
[2026-09-13 17:28:59] Batch 104 saved. Duration: 54.6s. CSV size: 29.97 MB. Total complete: 208,000
[2026-09-13 17:28:59] Executing Batch 105/187 (2000 configurations)...
[2026-09-13 17:29:55] Batch 105 saved. Duration: 55.6s. CSV size: 30.26 MB. Total complete: 210,000
[2026-09-13 17:29:55] Executing Batch 106/187 (2000 configurations)...
[2026-09-13 17:31:24] Batch 106 saved. Duration: 88.7s. CSV size: 30.55 MB. Total complete: 212,000
[2026-09-13 17:31:24] Executing Batch 107/187 (2000 configurations)...
[2026-09-13 17:35:48] Batch 107 saved. Duration: 263.4s. CSV size: 30.84 MB. Total complete: 214,000
[2026-09-13 17:35:48] Executing Batch 108/187 (2000 configurations)...
[2026-09-13 17:40:03] Batch 108 saved. Duration: 254.5s. CSV size: 31.14 MB. Total complete: 216,000
[2026-09-13 17:40:03] Executing Batch 109/187 (2000 configurations)...
[2026-09-13 17:44:22] Batch 109 saved. Duration: 258.6s. CSV size: 31.43 MB. Total complete: 218,000
[2026-09-13 17:44:22] Executing Batch 110/187 (2000 configurations)...
[2026-09-13 17:47:22] Batch 110 saved. Duration: 179.2s. CSV size: 31.72 MB. Total complete: 220,000
[2026-09-13 17:47:22] Executing Batch 111/187 (2000 configurations)...
[2026-09-13 17:47:29] Batch 111 saved. Duration: 6.8s. CSV size: 32.02 MB. Total complete: 222,000
[2026-09-13 17:47:29] Executing Batch 112/187 (2000 configurations)...
[2026-09-13 17:47:41] Batch 112 saved. Duration: 11.9s. CSV size: 32.33 MB. Total complete: 224,000
[2026-09-13 17:47:41] Executing Batch 113/187 (2000 configurations)...
[2026-09-13 17:47:51] Batch 113 saved. Duration: 9.2s. CSV size: 32.64 MB. Total complete: 226,000
[2026-09-13 17:47:51] Executing Batch 114/187 (2000 configurations)...
[2026-09-13 17:48:03] Batch 114 saved. Duration: 12.0s. CSV size: 32.94 MB. Total complete: 228,000
[2026-09-13 17:48:03] Executing Batch 115/187 (2000 configurations)...
[2026-09-13 17:48:25] Batch 115 saved. Duration: 20.8s. CSV size: 33.25 MB. Total complete: 230,000
[2026-09-13 17:48:25] Executing Batch 116/187 (2000 configurations)...
[2026-09-13 17:48:44] Batch 116 saved. Duration: 18.6s. CSV size: 33.55 MB. Total complete: 232,000
[2026-09-13 17:48:44] Executing Batch 117/187 (2000 configurations)...
[2026-09-13 17:49:02] Batch 117 saved. Duration: 18.3s. CSV size: 33.86 MB. Total complete: 234,000
[2026-09-13 17:49:02] Executing Batch 118/187 (2000 configurations)...
[2026-09-13 17:49:46] Batch 118 saved. Duration: 42.8s. CSV size: 34.16 MB. Total complete: 236,000
[2026-09-13 17:49:46] Executing Batch 119/187 (2000 configurations)...
[2026-09-13 17:50:44] Batch 119 saved. Duration: 58.1s. CSV size: 34.47 MB. Total complete: 238,000
[2026-09-13 17:50:44] Executing Batch 120/187 (2000 configurations)...
[2026-09-13 17:51:41] Batch 120 saved. Duration: 55.8s. CSV size: 34.78 MB. Total complete: 240,000
[2026-09-13 17:51:41] Executing Batch 121/187 (2000 configurations)...
[2026-09-13 17:52:38] Batch 121 saved. Duration: 57.5s. CSV size: 35.09 MB. Total complete: 242,000
[2026-09-13 17:52:38] Executing Batch 122/187 (2000 configurations)...
[2026-09-13 17:56:26] Batch 122 saved. Duration: 227.1s. CSV size: 35.39 MB. Total complete: 244,000
[2026-09-13 17:56:26] Executing Batch 123/187 (2000 configurations)...
[2026-09-13 18:00:55] Batch 123 saved. Duration: 268.6s. CSV size: 35.71 MB. Total complete: 246,000
[2026-09-13 18:00:55] Executing Batch 124/187 (2000 configurations)...
[2026-09-13 18:05:21] Batch 124 saved. Duration: 264.7s. CSV size: 36.01 MB. Total complete: 248,000
[2026-09-13 18:05:21] Executing Batch 125/187 (2000 configurations)...
[2026-09-13 18:09:39] Batch 125 saved. Duration: 257.9s. CSV size: 36.32 MB. Total complete: 250,000
[2026-09-13 18:09:39] Executing Batch 126/187 (2000 configurations)...
[2026-09-13 18:09:57] Batch 126 saved. Duration: 17.3s. CSV size: 36.62 MB. Total complete: 252,000
[2026-09-13 18:09:57] Executing Batch 127/187 (2000 configurations)...
[2026-09-13 18:10:05] Batch 127 saved. Duration: 7.6s. CSV size: 36.93 MB. Total complete: 254,000
[2026-09-13 18:10:05] Executing Batch 128/187 (2000 configurations)...
[2026-09-13 18:10:11] Batch 128 saved. Duration: 5.8s. CSV size: 37.24 MB. Total complete: 256,000
[2026-09-13 18:10:11] Executing Batch 129/187 (2000 configurations)...
[2026-09-13 18:10:20] Batch 129 saved. Duration: 8.6s. CSV size: 37.54 MB. Total complete: 258,000
[2026-09-13 18:10:20] Executing Batch 130/187 (2000 configurations)...
[2026-09-13 18:10:39] Batch 130 saved. Duration: 18.8s. CSV size: 37.85 MB. Total complete: 260,000
[2026-09-13 18:10:39] Executing Batch 131/187 (2000 configurations)...
[2026-09-13 18:10:57] Batch 131 saved. Duration: 17.7s. CSV size: 38.16 MB. Total complete: 262,000
[2026-09-13 18:10:57] Executing Batch 132/187 (2000 configurations)...
[2026-09-13 18:11:16] Batch 132 saved. Duration: 17.7s. CSV size: 38.47 MB. Total complete: 264,000
[2026-09-13 18:11:16] Executing Batch 133/187 (2000 configurations)...
[2026-09-13 18:11:52] Batch 133 saved. Duration: 35.9s. CSV size: 38.78 MB. Total complete: 266,000
[2026-09-13 18:11:52] Executing Batch 134/187 (2000 configurations)...
[2026-09-13 18:13:12] Batch 134 saved. Duration: 79.3s. CSV size: 39.09 MB. Total complete: 268,000
[2026-09-13 18:13:12] Executing Batch 135/187 (2000 configurations)...
[2026-09-13 18:14:26] Batch 135 saved. Duration: 73.5s. CSV size: 39.40 MB. Total complete: 270,000
[2026-09-13 18:14:26] Executing Batch 136/187 (2000 configurations)...
[2026-09-13 18:15:40] Batch 136 saved. Duration: 74.1s. CSV size: 39.71 MB. Total complete: 272,000
[2026-09-13 18:15:40] Executing Batch 137/187 (2000 configurations)...
[2026-09-13 18:19:04] Batch 137 saved. Duration: 203.1s. CSV size: 40.02 MB. Total complete: 274,000
[2026-09-13 18:19:04] Executing Batch 138/187 (2000 configurations)...
[2026-09-13 18:25:16] Batch 138 saved. Duration: 371.8s. CSV size: 40.34 MB. Total complete: 276,000
[2026-09-13 18:25:16] Executing Batch 139/187 (2000 configurations)...
[2026-09-13 18:31:17] Batch 139 saved. Duration: 360.0s. CSV size: 40.65 MB. Total complete: 278,000
[2026-09-13 18:31:17] Executing Batch 140/187 (2000 configurations)...
[2026-09-13 18:37:21] Batch 140 saved. Duration: 363.3s. CSV size: 40.96 MB. Total complete: 280,000
[2026-09-13 18:37:21] Executing Batch 141/187 (2000 configurations)...
[2026-09-13 18:39:52] Batch 141 saved. Duration: 151.2s. CSV size: 41.27 MB. Total complete: 282,000
[2026-09-13 18:39:52] Executing Batch 142/187 (2000 configurations)...
[2026-09-13 18:40:00] Batch 142 saved. Duration: 6.4s. CSV size: 41.58 MB. Total complete: 284,000
[2026-09-13 18:40:00] Executing Batch 143/187 (2000 configurations)...
[2026-09-13 18:40:08] Batch 143 saved. Duration: 8.1s. CSV size: 41.88 MB. Total complete: 286,000
[2026-09-13 18:40:08] Executing Batch 144/187 (2000 configurations)...
[2026-09-13 18:40:15] Batch 144 saved. Duration: 6.0s. CSV size: 42.19 MB. Total complete: 288,000
[2026-09-13 18:40:15] Executing Batch 145/187 (2000 configurations)...
[2026-09-13 18:40:32] Batch 145 saved. Duration: 16.4s. CSV size: 42.50 MB. Total complete: 290,000
[2026-09-13 18:40:32] Executing Batch 146/187 (2000 configurations)...
[2026-09-13 18:40:52] Batch 146 saved. Duration: 18.8s. CSV size: 42.81 MB. Total complete: 292,000
[2026-09-13 18:40:52] Executing Batch 147/187 (2000 configurations)...
[2026-09-13 18:41:11] Batch 147 saved. Duration: 18.7s. CSV size: 43.11 MB. Total complete: 294,000
[2026-09-13 18:41:11] Executing Batch 148/187 (2000 configurations)...
[2026-09-13 18:41:29] Batch 148 saved. Duration: 17.0s. CSV size: 43.42 MB. Total complete: 296,000
[2026-09-13 18:41:29] Executing Batch 149/187 (2000 configurations)...
[2026-09-13 18:42:21] Batch 149 saved. Duration: 51.9s. CSV size: 43.73 MB. Total complete: 298,000
[2026-09-13 18:42:21] Executing Batch 150/187 (2000 configurations)...
[2026-09-13 18:43:19] Batch 150 saved. Duration: 57.7s. CSV size: 44.04 MB. Total complete: 300,000
[2026-09-13 18:43:19] Executing Batch 151/187 (2000 configurations)...
[2026-09-13 18:44:20] Batch 151 saved. Duration: 60.1s. CSV size: 44.35 MB. Total complete: 302,000
[2026-09-13 18:44:20] Executing Batch 152/187 (2000 configurations)...
[2026-09-13 18:45:38] Batch 152 saved. Duration: 77.7s. CSV size: 44.65 MB. Total complete: 304,000
[2026-09-13 18:45:38] Executing Batch 153/187 (2000 configurations)...
[2026-09-13 18:50:03] Batch 153 saved. Duration: 264.6s. CSV size: 44.96 MB. Total complete: 306,000
[2026-09-13 18:50:03] Executing Batch 154/187 (2000 configurations)...
[2026-09-13 18:54:20] Batch 154 saved. Duration: 256.3s. CSV size: 45.27 MB. Total complete: 308,000
[2026-09-13 18:54:20] Executing Batch 155/187 (2000 configurations)...
[2026-09-13 18:58:48] Batch 155 saved. Duration: 267.8s. CSV size: 45.58 MB. Total complete: 310,000
[2026-09-13 18:58:48] Executing Batch 156/187 (2000 configurations)...
[2026-09-13 19:02:07] Batch 156 saved. Duration: 198.2s. CSV size: 45.89 MB. Total complete: 312,000
[2026-09-13 19:02:07] Executing Batch 157/187 (2000 configurations)...
[2026-09-13 19:02:13] Batch 157 saved. Duration: 5.4s. CSV size: 46.19 MB. Total complete: 314,000
[2026-09-13 19:02:13] Executing Batch 158/187 (2000 configurations)...
[2026-09-13 19:02:23] Batch 158 saved. Duration: 8.8s. CSV size: 46.50 MB. Total complete: 316,000
[2026-09-13 19:02:23] Executing Batch 159/187 (2000 configurations)...
[2026-09-13 19:02:29] Batch 159 saved. Duration: 5.4s. CSV size: 46.81 MB. Total complete: 318,000
[2026-09-13 19:02:29] Executing Batch 160/187 (2000 configurations)...
[2026-09-13 19:02:41] Batch 160 saved. Duration: 11.6s. CSV size: 47.11 MB. Total complete: 320,000
[2026-09-13 19:02:41] Executing Batch 161/187 (2000 configurations)...
[2026-09-13 19:02:59] Batch 161 saved. Duration: 16.9s. CSV size: 47.41 MB. Total complete: 322,000
[2026-09-13 19:02:59] Executing Batch 162/187 (2000 configurations)...
[2026-09-13 19:03:16] Batch 162 saved. Duration: 16.6s. CSV size: 47.72 MB. Total complete: 324,000
[2026-09-13 19:03:16] Executing Batch 163/187 (2000 configurations)...
[2026-09-13 19:03:33] Batch 163 saved. Duration: 16.5s. CSV size: 48.02 MB. Total complete: 326,000
[2026-09-13 19:03:33] Executing Batch 164/187 (2000 configurations)...
[2026-09-13 19:04:09] Batch 164 saved. Duration: 36.1s. CSV size: 48.32 MB. Total complete: 328,000
[2026-09-13 19:04:09] Executing Batch 165/187 (2000 configurations)...
[2026-09-13 19:05:06] Batch 165 saved. Duration: 56.3s. CSV size: 48.63 MB. Total complete: 330,000
[2026-09-13 19:05:06] Executing Batch 166/187 (2000 configurations)...
[2026-09-13 19:06:04] Batch 166 saved. Duration: 56.8s. CSV size: 48.94 MB. Total complete: 332,000
[2026-09-13 19:06:04] Executing Batch 167/187 (2000 configurations)...
[2026-09-13 19:06:57] Batch 167 saved. Duration: 53.1s. CSV size: 49.24 MB. Total complete: 334,000
[2026-09-13 19:06:57] Executing Batch 168/187 (2000 configurations)...
[2026-09-13 19:10:38] Batch 168 saved. Duration: 219.9s. CSV size: 49.54 MB. Total complete: 336,000
[2026-09-13 19:10:38] Executing Batch 169/187 (2000 configurations)...
[2026-09-13 19:14:56] Batch 169 saved. Duration: 257.4s. CSV size: 49.85 MB. Total complete: 338,000
[2026-09-13 19:14:56] Executing Batch 170/187 (2000 configurations)...
[2026-09-13 19:19:08] Batch 170 saved. Duration: 250.7s. CSV size: 50.15 MB. Total complete: 340,000
[2026-09-13 19:19:08] Executing Batch 171/187 (2000 configurations)...
[2026-09-13 19:23:24] Batch 171 saved. Duration: 256.2s. CSV size: 50.46 MB. Total complete: 342,000
[2026-09-13 19:23:24] Executing Batch 172/187 (2000 configurations)...
[2026-09-13 19:24:02] Batch 172 saved. Duration: 36.9s. CSV size: 50.78 MB. Total complete: 344,000
[2026-09-13 19:24:02] Executing Batch 173/187 (2000 configurations)...
[2026-09-13 19:24:09] Batch 173 saved. Duration: 6.9s. CSV size: 51.10 MB. Total complete: 346,000
[2026-09-13 19:24:09] Executing Batch 174/187 (2000 configurations)...
[2026-09-13 19:24:16] Batch 174 saved. Duration: 5.8s. CSV size: 51.42 MB. Total complete: 348,000
[2026-09-13 19:24:16] Executing Batch 175/187 (2000 configurations)...
[2026-09-13 19:24:25] Batch 175 saved. Duration: 8.2s. CSV size: 51.74 MB. Total complete: 350,000
[2026-09-13 19:24:25] Executing Batch 176/187 (2000 configurations)...
[2026-09-13 19:24:43] Batch 176 saved. Duration: 17.7s. CSV size: 52.06 MB. Total complete: 352,000
[2026-09-13 19:24:43] Executing Batch 177/187 (2000 configurations)...
[2026-09-13 19:25:00] Batch 177 saved. Duration: 17.0s. CSV size: 52.38 MB. Total complete: 354,000
[2026-09-13 19:25:00] Executing Batch 178/187 (2000 configurations)...
[2026-09-13 19:25:18] Batch 178 saved. Duration: 16.8s. CSV size: 52.70 MB. Total complete: 356,000
[2026-09-13 19:25:18] Executing Batch 179/187 (2000 configurations)...
[2026-09-13 19:25:44] Batch 179 saved. Duration: 25.6s. CSV size: 53.02 MB. Total complete: 358,000
[2026-09-13 19:25:44] Executing Batch 180/187 (2000 configurations)...
[2026-09-13 19:26:38] Batch 180 saved. Duration: 53.4s. CSV size: 53.35 MB. Total complete: 360,000
[2026-09-13 19:26:38] Executing Batch 181/187 (2000 configurations)...
[2026-09-13 19:27:34] Batch 181 saved. Duration: 55.3s. CSV size: 53.67 MB. Total complete: 362,000
[2026-09-13 19:27:34] Executing Batch 182/187 (2000 configurations)...
[2026-09-13 19:28:30] Batch 182 saved. Duration: 55.7s. CSV size: 53.99 MB. Total complete: 364,000
[2026-09-13 19:28:30] Executing Batch 183/187 (2000 configurations)...
[2026-09-13 19:30:43] Batch 183 saved. Duration: 131.5s. CSV size: 54.31 MB. Total complete: 366,000
[2026-09-13 19:30:43] Executing Batch 184/187 (2000 configurations)...
[2026-09-13 19:35:34] Batch 184 saved. Duration: 291.2s. CSV size: 54.64 MB. Total complete: 368,000
[2026-09-13 19:35:34] Executing Batch 185/187 (2000 configurations)...
[2026-09-13 19:40:01] Batch 185 saved. Duration: 265.7s. CSV size: 54.96 MB. Total complete: 370,000
[2026-09-13 19:40:01] Executing Batch 186/187 (2000 configurations)...
[2026-09-13 19:45:46] Batch 186 saved. Duration: 343.4s. CSV size: 55.29 MB. Total complete: 372,000
[2026-09-13 19:45:46] Executing Batch 187/187 (960 configurations)...
[2026-09-13 19:48:03] Batch 187 saved. Duration: 137.0s. CSV size: 55.44 MB. Total complete: 372,960
[2026-09-13 19:48:03] Simulation Array Complete! Total execution time: 4.96 hours.
[2026-09-15 14:43:58] Missing symmetric configurations: 122,880
[2026-09-15 14:43:58] Warming up numba kernels
[2026-09-15 14:44:02] Running batch 1 (500 configs)
[2026-09-15 14:44:17] Running batch 2 (500 configs)
[2026-09-15 14:44:18] Running batch 3 (500 configs)
[2026-09-15 14:44:19] Running batch 4 (500 configs)
[2026-09-15 14:44:20] Running batch 5 (500 configs)
[2026-09-15 14:50:28] Missing symmetric configurations: 3,969
[2026-09-15 14:50:28] Warming up numba kernels
[2026-09-15 14:50:30] Running batch 1 (500 configs)
[2026-09-15 14:50:48] Running batch 2 (500 configs)
[2026-09-15 14:50:49] Running batch 3 (500 configs)
[2026-09-15 14:50:50] Running batch 4 (500 configs)
[2026-09-15 14:50:50] Running batch 5 (500 configs)
[2026-09-15 14:50:51] Running batch 6 (500 configs)
[2026-09-15 14:50:52] Running batch 7 (500 configs)
[2026-09-15 14:50:52] Running batch 8 (469 configs)
[2026-09-15 14:50:53] Finished backfill. Checkpoint size: 372,960
